// Jest Snapshot v1, https://goo.gl/fbAQLP

exports[`all 1`] = `
Object {
  "_id": "5aa882d3638a0f580d92c677",
  "friends": Array [
    Object {
      "id": Object {
        "$numberDecimal": "-0",
      },
      "name": "Benton Chase",
    },
    Object {
      "id": 1,
      "name": "Mccarthy Morgan",
    },
    Object {
      "id": Object {
        "$numberDecimal": "NaN",
      },
      "name": "Kaufman Price",
    },
    Object {
      "$ref": "#",
    },
    Object {
      "$ref": "#/friends/[0]",
    },
  ],
  "index": 0,
  "name": Object {
    "first": "Valenzuela",
    "last": "Valenzuela",
  },
  "range": Array [
    Object {
      "$numberDecimal": "-Infinity",
    },
    0,
    1,
    2,
    3,
    4,
    5,
    6,
    7,
    8,
    Object {
      "$numberDecimal": "Infinity",
    },
  ],
  "registered": Object {
    "$date": "2014-01-01T07:00:00.000Z",
  },
  "symbol": Object {
    "$symbol": "banana",
  },
}
`;

exports[`deep 1`] = `
Object {
  "array": Array [
    "a_string",
    42,
    42.3,
  ],
  "decimal": 42.3,
  "number": 42,
  "object": Object {
    "a number": 42,
    "also a string": "string",
  },
  "string": "a_string",
}
`;
